Are you running this on a computer WITHOUT a network connection of any kind? (y/n)?Have the wireless cards in this computer been physically removed? (y/n)?Are you running on battery power? (y/n)?Are you running on an operating system booted from a USB drive? (y/n)?Is your screen hidden from view of windows, cameras, and other people? (y/n)?Are smartphones and all other nearby devices turned off and in a Faraday bag? (y/n)?
You will need to enter several pieces of information to create a withdrawal transaction.


*** PLEASE BE SURE TO ENTER THE CORRECT DESTINATION ADDRESS ***


Source cold storage address: 
Redemption script for source cold storage address: 
Destination address: 
How many unspent transactions will you be using for this withdrawal? 
Please paste raw transaction #1 (hexadecimal format) with unspent outputs at the source address
OR
input a filename located in the current directory which contains the raw transaction data
(If the transaction data is over ~4000 characters long, you _must_ use a file.):

Please paste raw transaction #2 (hexadecimal format) with unspent outputs at the source address
OR
input a filename located in the current directory which contains the raw transaction data
(If the transaction data is over ~4000 characters long, you _must_ use a file.):

Please paste raw transaction #3 (hexadecimal format) with unspent outputs at the source address
OR
input a filename located in the current directory which contains the raw transaction data
(If the transaction data is over ~4000 characters long, you _must_ use a file.):

Please paste raw transaction #4 (hexadecimal format) with unspent outputs at the source address
OR
input a filename located in the current directory which contains the raw transaction data
(If the transaction data is over ~4000 characters long, you _must_ use a file.):

Transaction data found for source address.
TOTAL unspent amount for this raw transaction: 1.69999151 BTC

How many private keys will you be signing this transaction with? 
#: Key #1: Key #2: 
Enter fee rate.
Satoshis per vbyte: 
Based on the provided rate, the fee will be 0.00001390 bitcoin.
Confirm? (y/n): 
Please enter the decimal amount (in bitcoin) to withdraw to the destination address.

Example: For 2.3 bitcoins, enter "2.3".

After a fee of 0.00001390, you have 1.69997761 bitcoins available to withdraw.

*** Technical note for experienced Bitcoin users:  If the withdrawal amount & fee are cumulatively less than the total amount of the unspent transactions, the remainder will be sent back to the same cold storage address as change. ***

Amount to send to 2N5PvoFj6adLPcqHAD24MxEZxvdQMGBLXow (leave blank to withdraw all funds stored in these unspent transactions): 
Is this data correct?
*** WARNING: Incorrect data may lead to loss of funds ***

1.69999151 BTC in unspent supplied transactions
0 BTC going back to cold storage address 2NAVkgszAvjZZwWpHpbCaxSaNqCCXPD8Bts
1.69997761 BTC going to destination address 2N5PvoFj6adLPcqHAD24MxEZxvdQMGBLXow
Fee amount: 0.00001390

Signing with private keys: 
cQCrT9Ncs9729ao7jbmAWrD9z7tF64s2yKzmD6nkiLAi9sXVZWAn
cP65UeSDZPiTLB6CBwasWv9oJYEjRgQXhswfwcT9HscEKDcEbgy4


Confirm? (y/n): 
Calculating transaction...


Sufficient private keys to execute transaction?
True

Raw signed transaction (hex):
020000000448121218e5e85b910bdfb12be923b84e5bd1b7bda6dfdf188762b415695cc97501000000fd1e010047304402203abc19f52d6d8384b3e5d835ef2f0e7049c33e31a5638b8daf56a56d843f5dc6022033c776578b0c3344180d35052dac5af35b576d41e6c63b9fb149fe5a489ad87101473044022006757714d58f0c3b81b3906fa41d748643f2038c53500b01709a6698966cad7e022050147691f176d8daa376c0d93672b64e6bb06695356f1b7bc33089e88ccc325e014c8b522103d14ddcfb6817f5579695bbb3eb3e185887bf2942b031e6f716343b8fe7e9e8e221028fcd46f8614b2cbf318096968242a1e22bcfb6d8f2b6dc939c8c27c347b2937b210315acb550120f4cdcb460d5c49080ab508ca4ccd8dedecac22feeac8cd017d4c121022b063ee2f22f9e1982c140fe778672c683111a796dcccdbd47bb65e3d608a98354aeffffffffdf1e32efe8b3222707f4d796fcf2a282195642a1e9da8fd0e510113acc97cc9200000000fd1e010047304402203cbd97793a6457544c77d96267db11301a34ccf9efcc371c64330c309e85317302201d920205082138e71dda938e52bae5bc397a51f9242ea2c6f615562a2fa9a7ea014730440220706e8ff88d4e17f17b4915bcca537a110b12c06c950e111a2fb827ca490b8b9b022043f11bf3bfb96b023403c86f8f20383157ded44557fcc2fabd60dc38f624fa18014c8b522103d14ddcfb6817f5579695bbb3eb3e185887bf2942b031e6f716343b8fe7e9e8e221028fcd46f8614b2cbf318096968242a1e22bcfb6d8f2b6dc939c8c27c347b2937b210315acb550120f4cdcb460d5c49080ab508ca4ccd8dedecac22feeac8cd017d4c121022b063ee2f22f9e1982c140fe778672c683111a796dcccdbd47bb65e3d608a98354aeffffffffbf710bfffa3c2faba4b1f4e366ae12de6ff6ecc21d4b2aed36bd78aa3e1dc8a600000000fd1e010047304402206f09fea0f0eff62b0199ae1a9eb92e953418ea938b86f61d3d8d0a0cca4ceebe02203f9d617d8cc93fdebf56b29132bed794b5345a3cdbdf9ff9abe9ea00f129389601473044022043b3ef9e6034e8c3629cbd7f3180e89f6081a38f4821b219c8485a0058afe47f022036bf9eee03d3dcfe03bef42ab77a395d184256f3e30760c75d8848a3ec9fd4d5014c8b522103d14ddcfb6817f5579695bbb3eb3e185887bf2942b031e6f716343b8fe7e9e8e221028fcd46f8614b2cbf318096968242a1e22bcfb6d8f2b6dc939c8c27c347b2937b210315acb550120f4cdcb460d5c49080ab508ca4ccd8dedecac22feeac8cd017d4c121022b063ee2f22f9e1982c140fe778672c683111a796dcccdbd47bb65e3d608a98354aeffffffffa2bfdfe27c66b657352f963931a6587f7d453a2e05cfe2633e5a3e43a4a8986400000000fd1e01004730440220042d80f61c4c9c96862e02e52700cf67225116597286b43dbcee7f243ba8b22b02203764a39604844e37008e205db4b11dec7a21456fcd1f7b4ebd803c44a28412840147304402202645f528e2ff6b134273e4084cb494b53e17759faf50013bdf236b0d49110b8f0220386ae7c639529a66079949d465c6b24cb9ed908113874bec5925cfc93715710b014c8b522103d14ddcfb6817f5579695bbb3eb3e185887bf2942b031e6f716343b8fe7e9e8e221028fcd46f8614b2cbf318096968242a1e22bcfb6d8f2b6dc939c8c27c347b2937b210315acb550120f4cdcb460d5c49080ab508ca4ccd8dedecac22feeac8cd017d4c121022b063ee2f22f9e1982c140fe778672c683111a796dcccdbd47bb65e3d608a98354aeffffffff01c1f5210a0000000017a9148546e747c8094376b0a0af44bc5bbb8dd4f0218d8700000000

Transaction fingerprint (md5):
89b0f9362b95aaf43f2468d5baf53a90
QR code for transaction written to transaction.png
